13-Feb-2025 06:56:30.256 INFO [main] org.apache.catalina.startup.VersionLoggerListener.log Server version name:   Apache Tomcat/11.0.3
13-Feb-2025 06:56:30.270 INFO [main] org.apache.catalina.startup.VersionLoggerListener.log Server built:          Feb 4 2025 17:40:20 UTC
13-Feb-2025 06:56:30.277 INFO [main] org.apache.catalina.startup.VersionLoggerListener.log Server version number: 11.0.3.0
13-Feb-2025 06:56:30.277 INFO [main] org.apache.catalina.startup.VersionLoggerListener.log OS Name:               Linux
13-Feb-2025 06:56:30.277 INFO [main] org.apache.catalina.startup.VersionLoggerListener.log OS Version:            6.8.0-1021-aws
13-Feb-2025 06:56:30.277 INFO [main] org.apache.catalina.startup.VersionLoggerListener.log Architecture:          amd64
13-Feb-2025 06:56:30.277 INFO [main] org.apache.catalina.startup.VersionLoggerListener.log Java Home:             /usr/lib/jvm/java-17-openjdk-amd64
13-Feb-2025 06:56:30.277 INFO [main] org.apache.catalina.startup.VersionLoggerListener.log JVM Version:           17.0.14+7-Ubuntu-124.04
13-Feb-2025 06:56:30.277 INFO [main] org.apache.catalina.startup.VersionLoggerListener.log JVM Vendor:            Ubuntu
13-Feb-2025 06:56:30.277 INFO [main] org.apache.catalina.startup.VersionLoggerListener.log CATALINA_BASE:         /home/ubuntu/clinic/apache-tomcat-11.0.3
13-Feb-2025 06:56:30.277 INFO [main] org.apache.catalina.startup.VersionLoggerListener.log CATALINA_HOME:         /home/ubuntu/clinic/apache-tomcat-11.0.3
13-Feb-2025 06:56:30.302 INFO [main] org.apache.catalina.startup.VersionLoggerListener.log Command line argument: -Djava.util.logging.config.file=/home/ubuntu/clinic/apache-tomcat-11.0.3/conf/logging.properties
13-Feb-2025 06:56:30.302 INFO [main] org.apache.catalina.startup.VersionLoggerListener.log Command line argument: -Djava.util.logging.manager=org.apache.juli.ClassLoaderLogManager
13-Feb-2025 06:56:30.303 INFO [main] org.apache.catalina.startup.VersionLoggerListener.log Command line argument: -Djdk.tls.ephemeralDHKeySize=2048
13-Feb-2025 06:56:30.303 INFO [main] org.apache.catalina.startup.VersionLoggerListener.log Command line argument: -Dsun.io.useCanonCaches=false
13-Feb-2025 06:56:30.303 INFO [main] org.apache.catalina.startup.VersionLoggerListener.log Command line argument: -Dorg.apache.catalina.security.SecurityListener.UMASK=0027
13-Feb-2025 06:56:30.303 INFO [main] org.apache.catalina.startup.VersionLoggerListener.log Command line argument: --add-opens=java.base/java.lang=ALL-UNNAMED
13-Feb-2025 06:56:30.303 INFO [main] org.apache.catalina.startup.VersionLoggerListener.log Command line argument: --add-opens=java.base/java.io=ALL-UNNAMED
13-Feb-2025 06:56:30.303 INFO [main] org.apache.catalina.startup.VersionLoggerListener.log Command line argument: --add-opens=java.base/java.util=ALL-UNNAMED
13-Feb-2025 06:56:30.303 INFO [main] org.apache.catalina.startup.VersionLoggerListener.log Command line argument: --add-opens=java.base/java.util.concurrent=ALL-UNNAMED
13-Feb-2025 06:56:30.303 INFO [main] org.apache.catalina.startup.VersionLoggerListener.log Command line argument: --add-opens=java.rmi/sun.rmi.transport=ALL-UNNAMED
13-Feb-2025 06:56:30.303 INFO [main] org.apache.catalina.startup.VersionLoggerListener.log Command line argument: --enable-native-access=ALL-UNNAMED
13-Feb-2025 06:56:30.303 INFO [main] org.apache.catalina.startup.VersionLoggerListener.log Command line argument: -Dcatalina.base=/home/ubuntu/clinic/apache-tomcat-11.0.3
13-Feb-2025 06:56:30.303 INFO [main] org.apache.catalina.startup.VersionLoggerListener.log Command line argument: -Dcatalina.home=/home/ubuntu/clinic/apache-tomcat-11.0.3
13-Feb-2025 06:56:30.303 INFO [main] org.apache.catalina.startup.VersionLoggerListener.log Command line argument: -Djava.io.tmpdir=/home/ubuntu/clinic/apache-tomcat-11.0.3/temp
13-Feb-2025 06:56:30.307 INFO [main] org.apache.catalina.core.AprLifecycleListener.lifecycleEvent The Apache Tomcat Native library which allows using OpenSSL was not found on the java.library.path: [/usr/java/packages/lib:/usr/lib/x86_64-linux-gnu/jni:/lib/x86_64-linux-gnu:/usr/lib/x86_64-linux-gnu:/usr/lib/jni:/lib:/usr/lib]
13-Feb-2025 06:56:30.905 INFO [main] org.apache.coyote.AbstractProtocol.init Initializing ProtocolHandler ["http-nio-8080"]
13-Feb-2025 06:56:30.947 INFO [main] org.apache.catalina.startup.Catalina.load Server initialization in [1114] milliseconds
13-Feb-2025 06:56:31.050 INFO [main] org.apache.catalina.core.StandardService.startInternal Starting service [Catalina]
13-Feb-2025 06:56:31.052 INFO [main] org.apache.catalina.core.StandardEngine.startInternal Starting Servlet engine: [Apache Tomcat/11.0.3]
13-Feb-2025 06:56:31.067 INFO [main] org.apache.catalina.startup.HostConfig.deployDirectory Deploying web application directory [/home/ubuntu/clinic/apache-tomcat-11.0.3/webapps/manager]
13-Feb-2025 06:56:31.711 INFO [main] org.apache.catalina.startup.HostConfig.deployDirectory Deployment of web application directory [/home/ubuntu/clinic/apache-tomcat-11.0.3/webapps/manager] has finished in [641] ms
13-Feb-2025 06:56:31.713 INFO [main] org.apache.catalina.startup.HostConfig.deployDirectory Deploying web application directory [/home/ubuntu/clinic/apache-tomcat-11.0.3/webapps/examples]
13-Feb-2025 06:56:32.146 INFO [main] org.apache.catalina.startup.HostConfig.deployDirectory Deployment of web application directory [/home/ubuntu/clinic/apache-tomcat-11.0.3/webapps/examples] has finished in [433] ms
13-Feb-2025 06:56:32.148 INFO [main] org.apache.catalina.startup.HostConfig.deployDirectory Deploying web application directory [/home/ubuntu/clinic/apache-tomcat-11.0.3/webapps/docs]
13-Feb-2025 06:56:32.196 INFO [main] org.apache.catalina.startup.HostConfig.deployDirectory Deployment of web application directory [/home/ubuntu/clinic/apache-tomcat-11.0.3/webapps/docs] has finished in [48] ms
13-Feb-2025 06:56:32.196 INFO [main] org.apache.catalina.startup.HostConfig.deployDirectory Deploying web application directory [/home/ubuntu/clinic/apache-tomcat-11.0.3/webapps/ROOT]
13-Feb-2025 06:56:32.250 INFO [main] org.apache.catalina.startup.HostConfig.deployDirectory Deployment of web application directory [/home/ubuntu/clinic/apache-tomcat-11.0.3/webapps/ROOT] has finished in [54] ms
13-Feb-2025 06:56:32.250 INFO [main] org.apache.catalina.startup.HostConfig.deployDirectory Deploying web application directory [/home/ubuntu/clinic/apache-tomcat-11.0.3/webapps/host-manager]
13-Feb-2025 06:56:32.287 INFO [main] org.apache.catalina.startup.HostConfig.deployDirectory Deployment of web application directory [/home/ubuntu/clinic/apache-tomcat-11.0.3/webapps/host-manager] has finished in [37] ms
13-Feb-2025 06:56:32.297 INFO [main] org.apache.coyote.AbstractProtocol.start Starting ProtocolHandler ["http-nio-8080"]
13-Feb-2025 06:56:32.316 INFO [main] org.apache.catalina.startup.Catalina.start Server startup in [1368] milliseconds
13-Feb-2025 06:56:41.210 INFO [main] org.apache.catalina.core.StandardServer.await A valid shutdown command was received via the shutdown port. Stopping the Server instance.
13-Feb-2025 06:56:41.212 INFO [main] org.apache.coyote.AbstractProtocol.pause Pausing ProtocolHandler ["http-nio-8080"]
13-Feb-2025 06:56:41.221 INFO [main] org.apache.catalina.core.StandardService.stopInternal Stopping service [Catalina]
13-Feb-2025 06:56:41.264 INFO [main] org.apache.coyote.AbstractProtocol.stop Stopping ProtocolHandler ["http-nio-8080"]
13-Feb-2025 06:56:41.276 INFO [main] org.apache.coyote.AbstractProtocol.destroy Destroying ProtocolHandler ["http-nio-8080"]
13-Feb-2025 06:56:47.359 INFO [main] org.apache.catalina.startup.VersionLoggerListener.log Server version name:   Apache Tomcat/11.0.3
13-Feb-2025 06:56:47.385 INFO [main] org.apache.catalina.startup.VersionLoggerListener.log Server built:          Feb 4 2025 17:40:20 UTC
13-Feb-2025 06:56:47.386 INFO [main] org.apache.catalina.startup.VersionLoggerListener.log Server version number: 11.0.3.0
13-Feb-2025 06:56:47.386 INFO [main] org.apache.catalina.startup.VersionLoggerListener.log OS Name:               Linux
13-Feb-2025 06:56:47.386 INFO [main] org.apache.catalina.startup.VersionLoggerListener.log OS Version:            6.8.0-1021-aws
13-Feb-2025 06:56:47.386 INFO [main] org.apache.catalina.startup.VersionLoggerListener.log Architecture:          amd64
13-Feb-2025 06:56:47.386 INFO [main] org.apache.catalina.startup.VersionLoggerListener.log Java Home:             /usr/lib/jvm/java-17-openjdk-amd64
13-Feb-2025 06:56:47.386 INFO [main] org.apache.catalina.startup.VersionLoggerListener.log JVM Version:           17.0.14+7-Ubuntu-124.04
13-Feb-2025 06:56:47.386 INFO [main] org.apache.catalina.startup.VersionLoggerListener.log JVM Vendor:            Ubuntu
13-Feb-2025 06:56:47.386 INFO [main] org.apache.catalina.startup.VersionLoggerListener.log CATALINA_BASE:         /home/ubuntu/clinic/apache-tomcat-11.0.3
13-Feb-2025 06:56:47.386 INFO [main] org.apache.catalina.startup.VersionLoggerListener.log CATALINA_HOME:         /home/ubuntu/clinic/apache-tomcat-11.0.3
13-Feb-2025 06:56:47.402 INFO [main] org.apache.catalina.startup.VersionLoggerListener.log Command line argument: -Djava.util.logging.config.file=/home/ubuntu/clinic/apache-tomcat-11.0.3/conf/logging.properties
13-Feb-2025 06:56:47.402 INFO [main] org.apache.catalina.startup.VersionLoggerListener.log Command line argument: -Djava.util.logging.manager=org.apache.juli.ClassLoaderLogManager
13-Feb-2025 06:56:47.402 INFO [main] org.apache.catalina.startup.VersionLoggerListener.log Command line argument: -Djdk.tls.ephemeralDHKeySize=2048
13-Feb-2025 06:56:47.402 INFO [main] org.apache.catalina.startup.VersionLoggerListener.log Command line argument: -Dsun.io.useCanonCaches=false
13-Feb-2025 06:56:47.405 INFO [main] org.apache.catalina.startup.VersionLoggerListener.log Command line argument: -Dorg.apache.catalina.security.SecurityListener.UMASK=0027
13-Feb-2025 06:56:47.405 INFO [main] org.apache.catalina.startup.VersionLoggerListener.log Command line argument: --add-opens=java.base/java.lang=ALL-UNNAMED
13-Feb-2025 06:56:47.405 INFO [main] org.apache.catalina.startup.VersionLoggerListener.log Command line argument: --add-opens=java.base/java.io=ALL-UNNAMED
13-Feb-2025 06:56:47.405 INFO [main] org.apache.catalina.startup.VersionLoggerListener.log Command line argument: --add-opens=java.base/java.util=ALL-UNNAMED
13-Feb-2025 06:56:47.405 INFO [main] org.apache.catalina.startup.VersionLoggerListener.log Command line argument: --add-opens=java.base/java.util.concurrent=ALL-UNNAMED
13-Feb-2025 06:56:47.406 INFO [main] org.apache.catalina.startup.VersionLoggerListener.log Command line argument: --add-opens=java.rmi/sun.rmi.transport=ALL-UNNAMED
13-Feb-2025 06:56:47.406 INFO [main] org.apache.catalina.startup.VersionLoggerListener.log Command line argument: --enable-native-access=ALL-UNNAMED
13-Feb-2025 06:56:47.409 INFO [main] org.apache.catalina.startup.VersionLoggerListener.log Command line argument: -Dcatalina.base=/home/ubuntu/clinic/apache-tomcat-11.0.3
13-Feb-2025 06:56:47.409 INFO [main] org.apache.catalina.startup.VersionLoggerListener.log Command line argument: -Dcatalina.home=/home/ubuntu/clinic/apache-tomcat-11.0.3
13-Feb-2025 06:56:47.409 INFO [main] org.apache.catalina.startup.VersionLoggerListener.log Command line argument: -Djava.io.tmpdir=/home/ubuntu/clinic/apache-tomcat-11.0.3/temp
13-Feb-2025 06:56:47.410 INFO [main] org.apache.catalina.core.AprLifecycleListener.lifecycleEvent The Apache Tomcat Native library which allows using OpenSSL was not found on the java.library.path: [/usr/java/packages/lib:/usr/lib/x86_64-linux-gnu/jni:/lib/x86_64-linux-gnu:/usr/lib/x86_64-linux-gnu:/usr/lib/jni:/lib:/usr/lib]
13-Feb-2025 06:56:47.978 INFO [main] org.apache.coyote.AbstractProtocol.init Initializing ProtocolHandler ["http-nio-8080"]
13-Feb-2025 06:56:48.023 INFO [main] org.apache.catalina.startup.Catalina.load Server initialization in [1029] milliseconds
13-Feb-2025 06:56:48.111 INFO [main] org.apache.catalina.core.StandardService.startInternal Starting service [Catalina]
13-Feb-2025 06:56:48.111 INFO [main] org.apache.catalina.core.StandardEngine.startInternal Starting Servlet engine: [Apache Tomcat/11.0.3]
13-Feb-2025 06:56:48.131 INFO [main] org.apache.catalina.startup.HostConfig.deployDirectory Deploying web application directory [/home/ubuntu/clinic/apache-tomcat-11.0.3/webapps/manager]
13-Feb-2025 06:56:48.770 INFO [main] org.apache.catalina.startup.HostConfig.deployDirectory Deployment of web application directory [/home/ubuntu/clinic/apache-tomcat-11.0.3/webapps/manager] has finished in [638] ms
13-Feb-2025 06:56:48.772 INFO [main] org.apache.catalina.startup.HostConfig.deployDirectory Deploying web application directory [/home/ubuntu/clinic/apache-tomcat-11.0.3/webapps/examples]
13-Feb-2025 06:56:49.236 INFO [main] org.apache.catalina.startup.HostConfig.deployDirectory Deployment of web application directory [/home/ubuntu/clinic/apache-tomcat-11.0.3/webapps/examples] has finished in [461] ms
13-Feb-2025 06:56:49.236 INFO [main] org.apache.catalina.startup.HostConfig.deployDirectory Deploying web application directory [/home/ubuntu/clinic/apache-tomcat-11.0.3/webapps/docs]
13-Feb-2025 06:56:49.276 INFO [main] org.apache.catalina.startup.HostConfig.deployDirectory Deployment of web application directory [/home/ubuntu/clinic/apache-tomcat-11.0.3/webapps/docs] has finished in [39] ms
13-Feb-2025 06:56:49.276 INFO [main] org.apache.catalina.startup.HostConfig.deployDirectory Deploying web application directory [/home/ubuntu/clinic/apache-tomcat-11.0.3/webapps/ROOT]
13-Feb-2025 06:56:49.325 INFO [main] org.apache.catalina.startup.HostConfig.deployDirectory Deployment of web application directory [/home/ubuntu/clinic/apache-tomcat-11.0.3/webapps/ROOT] has finished in [49] ms
13-Feb-2025 06:56:49.327 INFO [main] org.apache.catalina.startup.HostConfig.deployDirectory Deploying web application directory [/home/ubuntu/clinic/apache-tomcat-11.0.3/webapps/host-manager]
13-Feb-2025 06:56:49.358 INFO [main] org.apache.catalina.startup.HostConfig.deployDirectory Deployment of web application directory [/home/ubuntu/clinic/apache-tomcat-11.0.3/webapps/host-manager] has finished in [31] ms
13-Feb-2025 06:56:49.367 INFO [main] org.apache.coyote.AbstractProtocol.start Starting ProtocolHandler ["http-nio-8080"]
13-Feb-2025 06:56:49.388 INFO [main] org.apache.catalina.startup.Catalina.start Server startup in [1364] milliseconds
13-Feb-2025 06:56:53.212 INFO [main] org.apache.catalina.startup.VersionLoggerListener.log Server version name:   Apache Tomcat/11.0.3
13-Feb-2025 06:56:53.234 INFO [main] org.apache.catalina.startup.VersionLoggerListener.log Server built:          Feb 4 2025 17:40:20 UTC
13-Feb-2025 06:56:53.234 INFO [main] org.apache.catalina.startup.VersionLoggerListener.log Server version number: 11.0.3.0
13-Feb-2025 06:56:53.234 INFO [main] org.apache.catalina.startup.VersionLoggerListener.log OS Name:               Linux
13-Feb-2025 06:56:53.236 INFO [main] org.apache.catalina.startup.VersionLoggerListener.log OS Version:            6.8.0-1021-aws
13-Feb-2025 06:56:53.236 INFO [main] org.apache.catalina.startup.VersionLoggerListener.log Architecture:          amd64
13-Feb-2025 06:56:53.236 INFO [main] org.apache.catalina.startup.VersionLoggerListener.log Java Home:             /usr/lib/jvm/java-17-openjdk-amd64
13-Feb-2025 06:56:53.236 INFO [main] org.apache.catalina.startup.VersionLoggerListener.log JVM Version:           17.0.14+7-Ubuntu-124.04
13-Feb-2025 06:56:53.236 INFO [main] org.apache.catalina.startup.VersionLoggerListener.log JVM Vendor:            Ubuntu
13-Feb-2025 06:56:53.236 INFO [main] org.apache.catalina.startup.VersionLoggerListener.log CATALINA_BASE:         /home/ubuntu/clinic/apache-tomcat-11.0.3
13-Feb-2025 06:56:53.236 INFO [main] org.apache.catalina.startup.VersionLoggerListener.log CATALINA_HOME:         /home/ubuntu/clinic/apache-tomcat-11.0.3
13-Feb-2025 06:56:53.253 INFO [main] org.apache.catalina.startup.VersionLoggerListener.log Command line argument: -Djava.util.logging.config.file=/home/ubuntu/clinic/apache-tomcat-11.0.3/conf/logging.properties
13-Feb-2025 06:56:53.253 INFO [main] org.apache.catalina.startup.VersionLoggerListener.log Command line argument: -Djava.util.logging.manager=org.apache.juli.ClassLoaderLogManager
13-Feb-2025 06:56:53.253 INFO [main] org.apache.catalina.startup.VersionLoggerListener.log Command line argument: -Djdk.tls.ephemeralDHKeySize=2048
13-Feb-2025 06:56:53.253 INFO [main] org.apache.catalina.startup.VersionLoggerListener.log Command line argument: -Dsun.io.useCanonCaches=false
13-Feb-2025 06:56:53.253 INFO [main] org.apache.catalina.startup.VersionLoggerListener.log Command line argument: -Dorg.apache.catalina.security.SecurityListener.UMASK=0027
13-Feb-2025 06:56:53.253 INFO [main] org.apache.catalina.startup.VersionLoggerListener.log Command line argument: --add-opens=java.base/java.lang=ALL-UNNAMED
13-Feb-2025 06:56:53.253 INFO [main] org.apache.catalina.startup.VersionLoggerListener.log Command line argument: --add-opens=java.base/java.io=ALL-UNNAMED
13-Feb-2025 06:56:53.253 INFO [main] org.apache.catalina.startup.VersionLoggerListener.log Command line argument: --add-opens=java.base/java.util=ALL-UNNAMED
13-Feb-2025 06:56:53.253 INFO [main] org.apache.catalina.startup.VersionLoggerListener.log Command line argument: --add-opens=java.base/java.util.concurrent=ALL-UNNAMED
13-Feb-2025 06:56:53.253 INFO [main] org.apache.catalina.startup.VersionLoggerListener.log Command line argument: --add-opens=java.rmi/sun.rmi.transport=ALL-UNNAMED
13-Feb-2025 06:56:53.253 INFO [main] org.apache.catalina.startup.VersionLoggerListener.log Command line argument: --enable-native-access=ALL-UNNAMED
13-Feb-2025 06:56:53.253 INFO [main] org.apache.catalina.startup.VersionLoggerListener.log Command line argument: -Dcatalina.base=/home/ubuntu/clinic/apache-tomcat-11.0.3
13-Feb-2025 06:56:53.253 INFO [main] org.apache.catalina.startup.VersionLoggerListener.log Command line argument: -Dcatalina.home=/home/ubuntu/clinic/apache-tomcat-11.0.3
13-Feb-2025 06:56:53.257 INFO [main] org.apache.catalina.startup.VersionLoggerListener.log Command line argument: -Djava.io.tmpdir=/home/ubuntu/clinic/apache-tomcat-11.0.3/temp
13-Feb-2025 06:56:53.258 INFO [main] org.apache.catalina.core.AprLifecycleListener.lifecycleEvent The Apache Tomcat Native library which allows using OpenSSL was not found on the java.library.path: [/usr/java/packages/lib:/usr/lib/x86_64-linux-gnu/jni:/lib/x86_64-linux-gnu:/usr/lib/x86_64-linux-gnu:/usr/lib/jni:/lib:/usr/lib]
13-Feb-2025 06:56:53.857 INFO [main] org.apache.coyote.AbstractProtocol.init Initializing ProtocolHandler ["http-nio-8080"]
13-Feb-2025 06:56:53.881 SEVERE [main] org.apache.catalina.util.LifecycleBase.handleSubClassException Failed to initialize component [Connector["http-nio-8080"]]
	org.apache.catalina.LifecycleException: Protocol handler initialization failed
		at org.apache.catalina.connector.Connector.initInternal(Connector.java:1056)
		at org.apache.catalina.util.LifecycleBase.init(LifecycleBase.java:122)
		at org.apache.catalina.core.StandardService.initInternal(StandardService.java:525)
		at org.apache.catalina.util.LifecycleBase.init(LifecycleBase.java:122)
		at org.apache.catalina.core.StandardServer.initInternal(StandardServer.java:953)
		at org.apache.catalina.util.LifecycleBase.init(LifecycleBase.java:122)
		at org.apache.catalina.startup.Catalina.load(Catalina.java:710)
		at org.apache.catalina.startup.Catalina.load(Catalina.java:733)
		at java.base/jdk.internal.reflect.NativeMethodAccessorImpl.invoke0(Native Method)
		at java.base/jdk.internal.reflect.NativeMethodAccessorImpl.invoke(NativeMethodAccessorImpl.java:77)
		at java.base/jdk.internal.reflect.DelegatingMethodAccessorImpl.invoke(DelegatingMethodAccessorImpl.java:43)
		at java.base/java.lang.reflect.Method.invoke(Method.java:569)
		at org.apache.catalina.startup.Bootstrap.load(Bootstrap.java:299)
		at org.apache.catalina.startup.Bootstrap.main(Bootstrap.java:469)
	Caused by: java.net.BindException: Address already in use
		at java.base/sun.nio.ch.Net.bind0(Native Method)
		at java.base/sun.nio.ch.Net.bind(Net.java:555)
		at java.base/sun.nio.ch.ServerSocketChannelImpl.netBind(ServerSocketChannelImpl.java:337)
		at java.base/sun.nio.ch.ServerSocketChannelImpl.bind(ServerSocketChannelImpl.java:294)
		at org.apache.tomcat.util.net.NioEndpoint.initServerSocket(NioEndpoint.java:240)
		at org.apache.tomcat.util.net.NioEndpoint.bind(NioEndpoint.java:195)
		at org.apache.tomcat.util.net.AbstractEndpoint.bindWithCleanup(AbstractEndpoint.java:1472)
		at org.apache.tomcat.util.net.AbstractEndpoint.init(AbstractEndpoint.java:1485)
		at org.apache.coyote.AbstractProtocol.init(AbstractProtocol.java:633)
		at org.apache.coyote.http11.AbstractHttp11Protocol.init(AbstractHttp11Protocol.java:83)
		at org.apache.catalina.connector.Connector.initInternal(Connector.java:1054)
		... 13 more
13-Feb-2025 06:56:53.884 INFO [main] org.apache.catalina.startup.Catalina.load Server initialization in [1045] milliseconds
13-Feb-2025 06:56:53.969 INFO [main] org.apache.catalina.core.StandardService.startInternal Starting service [Catalina]
13-Feb-2025 06:56:53.972 INFO [main] org.apache.catalina.core.StandardEngine.startInternal Starting Servlet engine: [Apache Tomcat/11.0.3]
13-Feb-2025 06:56:53.987 INFO [main] org.apache.catalina.startup.HostConfig.deployDirectory Deploying web application directory [/home/ubuntu/clinic/apache-tomcat-11.0.3/webapps/manager]
13-Feb-2025 06:56:54.621 INFO [main] org.apache.catalina.startup.HostConfig.deployDirectory Deployment of web application directory [/home/ubuntu/clinic/apache-tomcat-11.0.3/webapps/manager] has finished in [634] ms
13-Feb-2025 06:56:54.623 INFO [main] org.apache.catalina.startup.HostConfig.deployDirectory Deploying web application directory [/home/ubuntu/clinic/apache-tomcat-11.0.3/webapps/examples]
13-Feb-2025 06:56:55.075 INFO [main] org.apache.catalina.startup.HostConfig.deployDirectory Deployment of web application directory [/home/ubuntu/clinic/apache-tomcat-11.0.3/webapps/examples] has finished in [448] ms
13-Feb-2025 06:56:55.075 INFO [main] org.apache.catalina.startup.HostConfig.deployDirectory Deploying web application directory [/home/ubuntu/clinic/apache-tomcat-11.0.3/webapps/docs]
13-Feb-2025 06:56:55.115 INFO [main] org.apache.catalina.startup.HostConfig.deployDirectory Deployment of web application directory [/home/ubuntu/clinic/apache-tomcat-11.0.3/webapps/docs] has finished in [40] ms
13-Feb-2025 06:56:55.115 INFO [main] org.apache.catalina.startup.HostConfig.deployDirectory Deploying web application directory [/home/ubuntu/clinic/apache-tomcat-11.0.3/webapps/ROOT]
13-Feb-2025 06:56:55.163 INFO [main] org.apache.catalina.startup.HostConfig.deployDirectory Deployment of web application directory [/home/ubuntu/clinic/apache-tomcat-11.0.3/webapps/ROOT] has finished in [48] ms
13-Feb-2025 06:56:55.163 INFO [main] org.apache.catalina.startup.HostConfig.deployDirectory Deploying web application directory [/home/ubuntu/clinic/apache-tomcat-11.0.3/webapps/host-manager]
13-Feb-2025 06:56:55.203 INFO [main] org.apache.catalina.startup.HostConfig.deployDirectory Deployment of web application directory [/home/ubuntu/clinic/apache-tomcat-11.0.3/webapps/host-manager] has finished in [39] ms
13-Feb-2025 06:56:55.213 INFO [main] org.apache.catalina.startup.Catalina.start Server startup in [1329] milliseconds
13-Feb-2025 06:56:55.221 SEVERE [main] org.apache.catalina.core.StandardServer.await Failed to create server shutdown socket on address [localhost] and port [8005] (base port [8005] and offset [0])
	java.net.BindException: Address already in use
		at java.base/sun.nio.ch.Net.bind0(Native Method)
		at java.base/sun.nio.ch.Net.bind(Net.java:555)
		at java.base/sun.nio.ch.Net.bind(Net.java:544)
		at java.base/sun.nio.ch.NioSocketImpl.bind(NioSocketImpl.java:648)
		at java.base/java.net.ServerSocket.bind(ServerSocket.java:388)
		at java.base/java.net.ServerSocket.<init>(ServerSocket.java:274)
		at org.apache.catalina.core.StandardServer.await(StandardServer.java:532)
		at org.apache.catalina.startup.Catalina.await(Catalina.java:849)
		at org.apache.catalina.startup.Catalina.start(Catalina.java:797)
		at java.base/jdk.internal.reflect.NativeMethodAccessorImpl.invoke0(Native Method)
		at java.base/jdk.internal.reflect.NativeMethodAccessorImpl.invoke(NativeMethodAccessorImpl.java:77)
		at java.base/jdk.internal.reflect.DelegatingMethodAccessorImpl.invoke(DelegatingMethodAccessorImpl.java:43)
		at java.base/java.lang.reflect.Method.invoke(Method.java:569)
		at org.apache.catalina.startup.Bootstrap.start(Bootstrap.java:342)
		at org.apache.catalina.startup.Bootstrap.main(Bootstrap.java:470)
13-Feb-2025 06:56:55.222 INFO [main] org.apache.coyote.AbstractProtocol.pause Pausing ProtocolHandler ["http-nio-8080"]
13-Feb-2025 06:56:55.222 INFO [main] org.apache.catalina.core.StandardService.stopInternal Stopping service [Catalina]
13-Feb-2025 06:56:55.262 INFO [main] org.apache.coyote.AbstractProtocol.stop Stopping ProtocolHandler ["http-nio-8080"]
13-Feb-2025 06:56:55.264 INFO [main] org.apache.coyote.AbstractProtocol.destroy Destroying ProtocolHandler ["http-nio-8080"]
13-Feb-2025 06:59:18.305 INFO [main] org.apache.catalina.core.StandardServer.await A valid shutdown command was received via the shutdown port. Stopping the Server instance.
13-Feb-2025 06:59:18.307 INFO [main] org.apache.coyote.AbstractProtocol.pause Pausing ProtocolHandler ["http-nio-8080"]
13-Feb-2025 06:59:18.314 INFO [main] org.apache.catalina.core.StandardService.stopInternal Stopping service [Catalina]
13-Feb-2025 06:59:18.362 INFO [main] org.apache.coyote.AbstractProtocol.stop Stopping ProtocolHandler ["http-nio-8080"]
13-Feb-2025 06:59:18.370 INFO [main] org.apache.coyote.AbstractProtocol.destroy Destroying ProtocolHandler ["http-nio-8080"]
13-Feb-2025 06:59:30.003 INFO [main] org.apache.catalina.startup.VersionLoggerListener.log Server version name:   Apache Tomcat/11.0.3
13-Feb-2025 06:59:30.022 INFO [main] org.apache.catalina.startup.VersionLoggerListener.log Server built:          Feb 4 2025 17:40:20 UTC
13-Feb-2025 06:59:30.023 INFO [main] org.apache.catalina.startup.VersionLoggerListener.log Server version number: 11.0.3.0
13-Feb-2025 06:59:30.023 INFO [main] org.apache.catalina.startup.VersionLoggerListener.log OS Name:               Linux
13-Feb-2025 06:59:30.023 INFO [main] org.apache.catalina.startup.VersionLoggerListener.log OS Version:            6.8.0-1021-aws
13-Feb-2025 06:59:30.023 INFO [main] org.apache.catalina.startup.VersionLoggerListener.log Architecture:          amd64
13-Feb-2025 06:59:30.023 INFO [main] org.apache.catalina.startup.VersionLoggerListener.log Java Home:             /usr/lib/jvm/java-17-openjdk-amd64
13-Feb-2025 06:59:30.025 INFO [main] org.apache.catalina.startup.VersionLoggerListener.log JVM Version:           17.0.14+7-Ubuntu-124.04
13-Feb-2025 06:59:30.025 INFO [main] org.apache.catalina.startup.VersionLoggerListener.log JVM Vendor:            Ubuntu
13-Feb-2025 06:59:30.025 INFO [main] org.apache.catalina.startup.VersionLoggerListener.log CATALINA_BASE:         /home/ubuntu/clinic/apache-tomcat-11.0.3
13-Feb-2025 06:59:30.025 INFO [main] org.apache.catalina.startup.VersionLoggerListener.log CATALINA_HOME:         /home/ubuntu/clinic/apache-tomcat-11.0.3
13-Feb-2025 06:59:30.043 INFO [main] org.apache.catalina.startup.VersionLoggerListener.log Command line argument: -Djava.util.logging.config.file=/home/ubuntu/clinic/apache-tomcat-11.0.3/conf/logging.properties
13-Feb-2025 06:59:30.043 INFO [main] org.apache.catalina.startup.VersionLoggerListener.log Command line argument: -Djava.util.logging.manager=org.apache.juli.ClassLoaderLogManager
13-Feb-2025 06:59:30.043 INFO [main] org.apache.catalina.startup.VersionLoggerListener.log Command line argument: -Djdk.tls.ephemeralDHKeySize=2048
13-Feb-2025 06:59:30.046 INFO [main] org.apache.catalina.startup.VersionLoggerListener.log Command line argument: -Dsun.io.useCanonCaches=false
13-Feb-2025 06:59:30.047 INFO [main] org.apache.catalina.startup.VersionLoggerListener.log Command line argument: -Dorg.apache.catalina.security.SecurityListener.UMASK=0027
13-Feb-2025 06:59:30.047 INFO [main] org.apache.catalina.startup.VersionLoggerListener.log Command line argument: --add-opens=java.base/java.lang=ALL-UNNAMED
13-Feb-2025 06:59:30.047 INFO [main] org.apache.catalina.startup.VersionLoggerListener.log Command line argument: --add-opens=java.base/java.io=ALL-UNNAMED
13-Feb-2025 06:59:30.047 INFO [main] org.apache.catalina.startup.VersionLoggerListener.log Command line argument: --add-opens=java.base/java.util=ALL-UNNAMED
13-Feb-2025 06:59:30.047 INFO [main] org.apache.catalina.startup.VersionLoggerListener.log Command line argument: --add-opens=java.base/java.util.concurrent=ALL-UNNAMED
13-Feb-2025 06:59:30.047 INFO [main] org.apache.catalina.startup.VersionLoggerListener.log Command line argument: --add-opens=java.rmi/sun.rmi.transport=ALL-UNNAMED
13-Feb-2025 06:59:30.047 INFO [main] org.apache.catalina.startup.VersionLoggerListener.log Command line argument: --enable-native-access=ALL-UNNAMED
13-Feb-2025 06:59:30.050 INFO [main] org.apache.catalina.startup.VersionLoggerListener.log Command line argument: -Dcatalina.base=/home/ubuntu/clinic/apache-tomcat-11.0.3
13-Feb-2025 06:59:30.052 INFO [main] org.apache.catalina.startup.VersionLoggerListener.log Command line argument: -Dcatalina.home=/home/ubuntu/clinic/apache-tomcat-11.0.3
13-Feb-2025 06:59:30.052 INFO [main] org.apache.catalina.startup.VersionLoggerListener.log Command line argument: -Djava.io.tmpdir=/home/ubuntu/clinic/apache-tomcat-11.0.3/temp
13-Feb-2025 06:59:30.055 INFO [main] org.apache.catalina.core.AprLifecycleListener.lifecycleEvent The Apache Tomcat Native library which allows using OpenSSL was not found on the java.library.path: [/usr/java/packages/lib:/usr/lib/x86_64-linux-gnu/jni:/lib/x86_64-linux-gnu:/usr/lib/x86_64-linux-gnu:/usr/lib/jni:/lib:/usr/lib]
13-Feb-2025 06:59:30.614 INFO [main] org.apache.coyote.AbstractProtocol.init Initializing ProtocolHandler ["http-nio-8082"]
13-Feb-2025 06:59:30.663 INFO [main] org.apache.catalina.startup.Catalina.load Server initialization in [1031] milliseconds
13-Feb-2025 06:59:30.750 INFO [main] org.apache.catalina.core.StandardService.startInternal Starting service [Catalina]
13-Feb-2025 06:59:30.753 INFO [main] org.apache.catalina.core.StandardEngine.startInternal Starting Servlet engine: [Apache Tomcat/11.0.3]
13-Feb-2025 06:59:30.763 INFO [main] org.apache.catalina.startup.HostConfig.deployDirectory Deploying web application directory [/home/ubuntu/clinic/apache-tomcat-11.0.3/webapps/manager]
13-Feb-2025 06:59:31.395 INFO [main] org.apache.catalina.startup.HostConfig.deployDirectory Deployment of web application directory [/home/ubuntu/clinic/apache-tomcat-11.0.3/webapps/manager] has finished in [631] ms
13-Feb-2025 06:59:31.397 INFO [main] org.apache.catalina.startup.HostConfig.deployDirectory Deploying web application directory [/home/ubuntu/clinic/apache-tomcat-11.0.3/webapps/examples]
13-Feb-2025 06:59:31.829 INFO [main] org.apache.catalina.startup.HostConfig.deployDirectory Deployment of web application directory [/home/ubuntu/clinic/apache-tomcat-11.0.3/webapps/examples] has finished in [432] ms
13-Feb-2025 06:59:31.831 INFO [main] org.apache.catalina.startup.HostConfig.deployDirectory Deploying web application directory [/home/ubuntu/clinic/apache-tomcat-11.0.3/webapps/docs]
13-Feb-2025 06:59:31.872 INFO [main] org.apache.catalina.startup.HostConfig.deployDirectory Deployment of web application directory [/home/ubuntu/clinic/apache-tomcat-11.0.3/webapps/docs] has finished in [41] ms
13-Feb-2025 06:59:31.875 INFO [main] org.apache.catalina.startup.HostConfig.deployDirectory Deploying web application directory [/home/ubuntu/clinic/apache-tomcat-11.0.3/webapps/ROOT]
13-Feb-2025 06:59:31.925 INFO [main] org.apache.catalina.startup.HostConfig.deployDirectory Deployment of web application directory [/home/ubuntu/clinic/apache-tomcat-11.0.3/webapps/ROOT] has finished in [48] ms
13-Feb-2025 06:59:31.925 INFO [main] org.apache.catalina.startup.HostConfig.deployDirectory Deploying web application directory [/home/ubuntu/clinic/apache-tomcat-11.0.3/webapps/host-manager]
13-Feb-2025 06:59:31.975 INFO [main] org.apache.catalina.startup.HostConfig.deployDirectory Deployment of web application directory [/home/ubuntu/clinic/apache-tomcat-11.0.3/webapps/host-manager] has finished in [49] ms
13-Feb-2025 06:59:31.986 INFO [main] org.apache.coyote.AbstractProtocol.start Starting ProtocolHandler ["http-nio-8082"]
13-Feb-2025 06:59:32.006 INFO [main] org.apache.catalina.startup.Catalina.start Server startup in [1342] milliseconds
